// Jest Snapshot v1, https://goo.gl/fbAQLP

exports[`Renders NavigationItems renders NavigationItems component 1`] = `
<ul
  className="NavigationItems"
>
  <NavigationItem
    exact={true}
    link="/"
  >
    Obchod
  </NavigationItem>
  <NavigationItem
    link="/orders"
  >
    Objednávky
  </NavigationItem>
  <NavigationItem
    link="/logout"
  >
    Odhlásit
  </NavigationItem>
</ul>
`;
