// Jest Snapshot v1, https://goo.gl/fbAQLP

exports[`Shallow Render StoreBoard component Match Snapshot of StoreBoard component 1`] = `
<div
  className="Store"
>
  <StoreCard
    itemName="Solaris"
    itemType="shopItem1"
    key="shopItem10"
  />
  <StoreCard
    itemName="Dornfelder"
    itemType="shopItem2"
    key="shopItem20"
  />
  <StoreCard
    itemName="Dornfelder"
    itemType="shopItem2"
    key="shopItem21"
  />
  <StoreCard
    itemName="Agni"
    itemType="shopItem3"
    key="shopItem30"
  />
  <StoreCard
    itemName="Agni"
    itemType="shopItem3"
    key="shopItem31"
  />
  <StoreCard
    itemName="Agni"
    itemType="shopItem3"
    key="shopItem32"
  />
  <StoreCard
    itemName="Muscaris"
    itemType="shopItem4"
    key="shopItem40"
  />
  <StoreCard
    itemName="Muscaris"
    itemType="shopItem4"
    key="shopItem41"
  />
  <StoreCard
    itemName="Muscaris"
    itemType="shopItem4"
    key="shopItem42"
  />
  <StoreCard
    itemName="Muscaris"
    itemType="shopItem4"
    key="shopItem43"
  />
  <StoreCard
    itemName="Sauvignon"
    itemType="shopItem5"
    key="shopItem50"
  />
  <StoreCard
    itemName="Sauvignon"
    itemType="shopItem5"
    key="shopItem51"
  />
  <StoreCard
    itemName="Sauvignon"
    itemType="shopItem5"
    key="shopItem52"
  />
  <StoreCard
    itemName="Sauvignon"
    itemType="shopItem5"
    key="shopItem53"
  />
  <StoreCard
    itemName="Sauvignon"
    itemType="shopItem5"
    key="shopItem54"
  />
  <StoreCard
    itemName="Tramín"
    itemType="shopItem6"
    key="shopItem60"
  />
  <StoreCard
    itemName="Tramín"
    itemType="shopItem6"
    key="shopItem61"
  />
  <StoreCard
    itemName="Tramín"
    itemType="shopItem6"
    key="shopItem62"
  />
  <StoreCard
    itemName="Tramín"
    itemType="shopItem6"
    key="shopItem63"
  />
  <StoreCard
    itemName="Tramín"
    itemType="shopItem6"
    key="shopItem64"
  />
  <StoreCard
    itemName="Tramín"
    itemType="shopItem6"
    key="shopItem65"
  />
  <StoreCard
    itemName="Hibernal"
    itemType="shopItem7"
    key="shopItem70"
  />
  <StoreCard
    itemName="Hibernal"
    itemType="shopItem7"
    key="shopItem71"
  />
  <StoreCard
    itemName="Hibernal"
    itemType="shopItem7"
    key="shopItem72"
  />
  <StoreCard
    itemName="Hibernal"
    itemType="shopItem7"
    key="shopItem73"
  />
  <StoreCard
    itemName="Hibernal"
    itemType="shopItem7"
    key="shopItem74"
  />
  <StoreCard
    itemName="Hibernal"
    itemType="shopItem7"
    key="shopItem75"
  />
  <StoreCard
    itemName="Hibernal"
    itemType="shopItem7"
    key="shopItem76"
  />
  <StoreCard
    itemName="Pálava"
    itemType="shopItem8"
    key="shopItem80"
  />
  <StoreCard
    itemName="Pálava"
    itemType="shopItem8"
    key="shopItem81"
  />
  <StoreCard
    itemName="Pálava"
    itemType="shopItem8"
    key="shopItem82"
  />
  <StoreCard
    itemName="Pálava"
    itemType="shopItem8"
    key="shopItem83"
  />
  <StoreCard
    itemName="Pálava"
    itemType="shopItem8"
    key="shopItem84"
  />
  <StoreCard
    itemName="Pálava"
    itemType="shopItem8"
    key="shopItem85"
  />
  <StoreCard
    itemName="Pálava"
    itemType="shopItem8"
    key="shopItem86"
  />
  <StoreCard
    itemName="Pálava"
    itemType="shopItem8"
    key="shopItem87"
  />
</div>
`;
