// Jest Snapshot v1, https://goo.gl/fbAQLP

exports[`Shallow Render Order component Match Snapshot of Order component 1`] = `
<div
  className="OrderBox"
>
  <div
    className="OrderInventory"
  >
    <div
      className="OrderItem"
      key="Solaris"
    >
      <p
        className="OrderText"
      >
        Solaris
      </p>
      <p
        className="OrderAmount"
      >
        1
      </p>
    </div>
    <div
      className="OrderItem"
      key="Dornfelder"
    >
      <p
        className="OrderText"
      >
        Dornfelder
      </p>
      <p
        className="OrderAmount"
      >
        2
      </p>
    </div>
    <div
      className="OrderItem"
      key="Agni"
    >
      <p
        className="OrderText"
      >
        Agni
      </p>
      <p
        className="OrderAmount"
      >
        3
      </p>
    </div>
    <div
      className="OrderItem"
      key="Muscaris"
    >
      <p
        className="OrderText"
      >
        Muscaris
      </p>
      <p
        className="OrderAmount"
      >
        4
      </p>
    </div>
    <div
      className="OrderItem"
      key="Sauvignon"
    >
      <p
        className="OrderText"
      >
        Sauvignon
      </p>
      <p
        className="OrderAmount"
      >
        5
      </p>
    </div>
    <div
      className="OrderItem"
      key="Tramín"
    >
      <p
        className="OrderText"
      >
        Tramín
      </p>
      <p
        className="OrderAmount"
      >
        6
      </p>
    </div>
    <div
      className="OrderItem"
      key="Hibernal"
    >
      <p
        className="OrderText"
      >
        Hibernal
      </p>
      <p
        className="OrderAmount"
      >
        7
      </p>
    </div>
    <div
      className="OrderItem"
      key="Pálava"
    >
      <p
        className="OrderText"
      >
        Pálava
      </p>
      <p
        className="OrderAmount"
      >
        8
      </p>
    </div>
  </div>
  <p
    className="OrderPrice"
  >
    Cena 
    999.00
  </p>
</div>
`;
