// Jest Snapshot v1, https://goo.gl/fbAQLP

exports[`Shallow Render CheckoutList component Match Snapshot of CheckoutList component 1`] = `
<Fragment>
  <div
    className="CheckoutList"
  >
    <Connect(CheckoutCard)
      itemName="Solaris"
      itemPrice={50}
      itemType="shopItem1"
      key="shopItem10"
    />
    <Connect(CheckoutCard)
      itemName="Dornfelder"
      itemPrice={100}
      itemType="shopItem2"
      key="shopItem20"
    />
    <Connect(CheckoutCard)
      itemName="Dornfelder"
      itemPrice={100}
      itemType="shopItem2"
      key="shopItem21"
    />
    <Connect(CheckoutCard)
      itemName="Agni"
      itemPrice={150}
      itemType="shopItem3"
      key="shopItem30"
    />
    <Connect(CheckoutCard)
      itemName="Agni"
      itemPrice={150}
      itemType="shopItem3"
      key="shopItem31"
    />
    <Connect(CheckoutCard)
      itemName="Agni"
      itemPrice={150}
      itemType="shopItem3"
      key="shopItem32"
    />
    <Connect(CheckoutCard)
      itemName="Muscaris"
      itemPrice={70}
      itemType="shopItem4"
      key="shopItem40"
    />
    <Connect(CheckoutCard)
      itemName="Muscaris"
      itemPrice={70}
      itemType="shopItem4"
      key="shopItem41"
    />
    <Connect(CheckoutCard)
      itemName="Muscaris"
      itemPrice={70}
      itemType="shopItem4"
      key="shopItem42"
    />
    <Connect(CheckoutCard)
      itemName="Muscaris"
      itemPrice={70}
      itemType="shopItem4"
      key="shopItem43"
    />
    <Connect(CheckoutCard)
      itemName="Sauvignon"
      itemPrice={140}
      itemType="shopItem5"
      key="shopItem50"
    />
    <Connect(CheckoutCard)
      itemName="Sauvignon"
      itemPrice={140}
      itemType="shopItem5"
      key="shopItem51"
    />
    <Connect(CheckoutCard)
      itemName="Sauvignon"
      itemPrice={140}
      itemType="shopItem5"
      key="shopItem52"
    />
    <Connect(CheckoutCard)
      itemName="Sauvignon"
      itemPrice={140}
      itemType="shopItem5"
      key="shopItem53"
    />
    <Connect(CheckoutCard)
      itemName="Sauvignon"
      itemPrice={140}
      itemType="shopItem5"
      key="shopItem54"
    />
    <Connect(CheckoutCard)
      itemName="Tramín"
      itemPrice={90}
      itemType="shopItem6"
      key="shopItem60"
    />
    <Connect(CheckoutCard)
      itemName="Tramín"
      itemPrice={90}
      itemType="shopItem6"
      key="shopItem61"
    />
    <Connect(CheckoutCard)
      itemName="Tramín"
      itemPrice={90}
      itemType="shopItem6"
      key="shopItem62"
    />
    <Connect(CheckoutCard)
      itemName="Tramín"
      itemPrice={90}
      itemType="shopItem6"
      key="shopItem63"
    />
    <Connect(CheckoutCard)
      itemName="Tramín"
      itemPrice={90}
      itemType="shopItem6"
      key="shopItem64"
    />
    <Connect(CheckoutCard)
      itemName="Tramín"
      itemPrice={90}
      itemType="shopItem6"
      key="shopItem65"
    />
    <Connect(CheckoutCard)
      itemName="Hibernal"
      itemPrice={120}
      itemType="shopItem7"
      key="shopItem70"
    />
    <Connect(CheckoutCard)
      itemName="Hibernal"
      itemPrice={120}
      itemType="shopItem7"
      key="shopItem71"
    />
    <Connect(CheckoutCard)
      itemName="Hibernal"
      itemPrice={120}
      itemType="shopItem7"
      key="shopItem72"
    />
    <Connect(CheckoutCard)
      itemName="Hibernal"
      itemPrice={120}
      itemType="shopItem7"
      key="shopItem73"
    />
    <Connect(CheckoutCard)
      itemName="Hibernal"
      itemPrice={120}
      itemType="shopItem7"
      key="shopItem74"
    />
    <Connect(CheckoutCard)
      itemName="Hibernal"
      itemPrice={120}
      itemType="shopItem7"
      key="shopItem75"
    />
    <Connect(CheckoutCard)
      itemName="Hibernal"
      itemPrice={120}
      itemType="shopItem7"
      key="shopItem76"
    />
    <Connect(CheckoutCard)
      itemName="Pálava"
      itemPrice={110}
      itemType="shopItem8"
      key="shopItem80"
    />
    <Connect(CheckoutCard)
      itemName="Pálava"
      itemPrice={110}
      itemType="shopItem8"
      key="shopItem81"
    />
    <Connect(CheckoutCard)
      itemName="Pálava"
      itemPrice={110}
      itemType="shopItem8"
      key="shopItem82"
    />
    <Connect(CheckoutCard)
      itemName="Pálava"
      itemPrice={110}
      itemType="shopItem8"
      key="shopItem83"
    />
    <Connect(CheckoutCard)
      itemName="Pálava"
      itemPrice={110}
      itemType="shopItem8"
      key="shopItem84"
    />
    <Connect(CheckoutCard)
      itemName="Pálava"
      itemPrice={110}
      itemType="shopItem8"
      key="shopItem85"
    />
    <Connect(CheckoutCard)
      itemName="Pálava"
      itemPrice={110}
      itemType="shopItem8"
      key="shopItem86"
    />
    <Connect(CheckoutCard)
      itemName="Pálava"
      itemPrice={110}
      itemType="shopItem8"
      key="shopItem87"
    />
  </div>
  <p
    className="PriceSum"
  >
     Komplet 
  </p>
</Fragment>
`;
